Script started on 2025-08-01 21:26:59-03:00 [TERM="xterm-256color" TTY="/dev/pts/0" COLUMNS="61" LINES="30"]
[?2004h]0;tiago@TiagoMaia: ~[01;32mtiago@TiagoMaia[00m:[01;34m~[00m$ cd git-workshop/
[?2004l[?2004h]0;tiago@TiagoMaia: ~/git-workshop[01;32mtiago@TiagoMaia[00m:[01;34m~/git-workshop[00m$ cd git-workshop/exit[Kgit statusecho "linha 1" > arquivo.txtxit[Kcho "linha 1" > arquivo.txt
[?2004l[?2004h]0;tiago@TiagoMaia: ~/git-workshop[01;32mtiago@TiagoMaia[00m:[01;34m~/git-workshop[00m$ git status
[?2004lOn branch main
Changes not staged for commit:
  (use "git add <file>..." to update what will be committed)
  (use "git restore <file>..." to discard changes in working directory)
	[31mmodified:   arquivo.txt[m

no changes added to commit (use "git add" and/or "git commit -a")
[?2004h]0;tiago@TiagoMaia: ~/git-workshop[01;32mtiago@TiagoMaia[00m:[01;34m~/git-workshop[00m$ git add .[Karquivo.txt
[?2004l[?2004h]0;tiago@TiagoMaia: ~/git-workshop[01;32mtiago@TiagoMaia[00m:[01;34m~/git-workshop[00m$ git commit -m ""p"r"i"m"e"i"r"o" "c"o"m"m" [A]0;tiago@TiagoMaia: ~/git-workshop[01;32mtiago@TiagoMaia[00m:[01;34m~/git-workshop[00m$ [C[C[C[C[C[C[C[C[C[C[C[C[C[C[C[C[C[C[C[C[C[C[C[C[C[C[C[C[1P"
[K[A[C[C[C[C[C[C[C[C[C[C[C[C[C[C[C[C[C[C[C[C[C[C[C[C[C[C[C[C[C[C[C[C[C[C[C[C[C[C[C[C[C[C[C[C[C[C[C[C[C[C[C[C[C[C[C[C[C[C[C[1P"[1P"[1P"[1P"[1P"[1P"[1P"[1P"[1P"[1P"[1P"[1P"a"d"i"c"i"o"q"u"e"i" "a"r" [A]0;tiago@TiagoMaia: ~/git-workshop[01;32mtiago@TiagoMaia[00m:[01;34m~/git-workshop[00m$ [C[C[C[C[C[C[C[C[C[C[C[C[C[C[C[C[C[C[C[C[C[C[C[C[C[C[C[Cq"q"u"[1P"[1P"[A[C[C[C[C[C[C[C[C[C[C[C[C[C[C[C[C[C[C[C[C[C[C[C[C[C[C[C[C[C[C[C[C[C[C[C[C[C[C[C[C[C[C[C[C[C[C[C[C[C[C[C[C[C[C[C[C[C[C[C[C" [K[A[C[C[C[C[C[C[C[C[C[C[C[C[C[C[C[C[C[C[C[C[C[C[C[C[C[C[C[C[C[C[C[C[C[C[C[C[C[C[C[C[C[C[C[C[C[C[C[C[C[C[C[C[C[C[C[C[C[C[C[C[1P"
[K[A[C[C[C[C[C[C[C[C[C[C[C[C[C[C[C[C[C[C[C[C[C[C[C[C[C[C[C[C[C[C[C[C[C[C[C[C[C[C[C[C[C[C[C[C[C[C[C[C[C[C[C[C[C[C[C[C[C[C[C[1P"[1P"[1P"[1P"[1P"[1P"[1P"[1P"[1P"[1P"i"c"i"o"n"e"i" "l"i"n" [A]0;tiago@TiagoMaia: ~/git-workshop[01;32mtiago@TiagoMaia[00m:[01;34m~/git-workshop[00m$ [C[C[C[C[C[C[C[C[C[C[C[C[C[C[C[C[C[C[C[C[C[C[C[C[C[C[C[Ch"1"[1P"a" "1" "n"o" "a"r"q"u"i"v"o"."t"x"t"
[?2004l[main a97f6ea] adicionei linha 1 no arquivo.txt
 1 file changed, 1 insertion(+), 1 deletion(-)
[?2004h]0;tiago@TiagoMaia: ~/git-workshop[01;32mtiago@TiagoMaia[00m:[01;34m~/git-workshop[00m$ git brac[Knch branch1
[?2004l[?2004h]0;tiago@TiagoMaia: ~/git-workshop[01;32mtiago@TiagoMaia[00m:[01;34m~/git-workshop[00m$ git branch branch2
[?2004l[?2004h]0;tiago@TiagoMaia: ~/git-workshop[01;32mtiago@TiagoMaia[00m:[01;34m~/git-workshop[00m$ git branch branch 3
[?2004lfatal: not a valid object name: '3'
[?2004h]0;tiago@TiagoMaia: ~/git-workshop[01;32mtiago@TiagoMaia[00m:[01;34m~/git-workshop[00m$ git branch n[Kbranch3
[?2004l[?2004h]0;tiago@TiagoMaia: ~/git-workshop[01;32mtiago@TiagoMaia[00m:[01;34m~/git-workshop[00m$ git branch
[?2004l[?1h=  branch1[m[m
  branch2[m[m
  branch3[m[m
  feature-a[m[m
  feature-b[m[m
* [32mmain[m[m
  prod[m[m
  test[m[m
[K[?1l>[?2004h]0;tiago@TiagoMaia: ~/git-workshop[01;32mtiago@TiagoMaia[00m:[01;34m~/git-workshop[00m$ git status
[?2004lOn branch main
Changes not staged for commit:
  (use "git add <file>..." to update what will be committed)
  (use "git restore <file>..." to discard changes in working directory)
	[31mmodified:   arquivo.txt[m

no changes added to commit (use "git add" and/or "git commit -a")
[?2004h]0;tiago@TiagoMaia: ~/git-workshop[01;32mtiago@TiagoMaia[00m:[01;34m~/git-workshop[00m$ git checkout branch1
[?2004lM	arquivo.txt
Switched to branch 'branch1'
[?2004h]0;tiago@TiagoMaia: ~/git-workshop[01;32mtiago@TiagoMaia[00m:[01;34m~/git-workshop[00m$ echo lin[K[K[K""l"i"n"h"a" "2" "n"a" "b"r"a"n"c"h"1"0"[1P"[C >>  arquivo.txt
[?2004l[?2004h]0;tiago@TiagoMaia: ~/git-workshop[01;32mtiago@TiagoMaia[00m:[01;34m~/git-workshop[00m$ git commit -am "adicionei lin has[K 2 na branch 1[K[K[K[K[K[K[K[K[K[Ko arqquv[K[K[Kuivo"
[?2004l[branch1 afb88b0] adicionei linha 2 no arquivo
 1 file changed, 3 insertions(+), 1 deletion(-)
[?2004h]0;tiago@TiagoMaia: ~/git-workshop[01;32mtiago@TiagoMaia[00m:[01;34m~/git-workshop[00m$ git checkout branch2
[?2004lSwitched to branch 'branch2'
[?2004h]0;tiago@TiagoMaia: ~/git-workshop[01;32mtiago@TiagoMaia[00m:[01;34m~/git-workshop[00m$ echo "linha [K2 na [K[K[K[K[K 2 na branch w[K[K2" >>  arquivo.txt
[?2004l[?2004h]0;tiago@TiagoMaia: ~/git-workshop[01;32mtiago@TiagoMaia[00m:[01;34m~/git-workshop[00m$ [7mgit checkout branch3[27mgit checkout branch3
[?2004lM	arquivo.txt
Switched to branch 'branch3'
[?2004h]0;tiago@TiagoMaia: ~/git-workshop[01;32mtiago@TiagoMaia[00m:[01;34m~/git-workshop[00m$ git status
[?2004lOn branch branch3
Changes not staged for commit:
  (use "git add <file>..." to update what will be committed)
  (use "git restore <file>..." to discard changes in working directory)
	[31mmodified:   arquivo.txt[m

no changes added to commit (use "git add" and/or "git commit -a")
[?2004h]0;tiago@TiagoMaia: ~/git-workshop[01;32mtiago@TiagoMaia[00m:[01;34m~/git-workshop[00m$ echo "linha 2 na branch [K3 [K" >>  arquivo.txt
[?2004l[?2004h]0;tiago@TiagoMaia: ~/git-workshop[01;32mtiago@TiagoMaia[00m:[01;34m~/git-workshop[00m$ git commit - am[K[K[K[K[K[K[K[K[K[K[K[K[K[K[Kgit chegou[K[K[Kckout branch2
[?2004lM	arquivo.txt
Switched to branch 'branch2'
[?2004h]0;tiago@TiagoMaia: ~/git-workshop[01;32mtiago@TiagoMaia[00m:[01;34m~/git-workshop[00m$ [7mgit commit -am "Commit na bra[27m[7mn[27m[7mch2"[27m[A]0;tiago@TiagoMaia: ~/git-workshop[01;32mtiago@TiagoMaia[00m:[01;34m~/git-workshop[00m$ git commit -am "Commit na branch2"[A[C[C[C[C[C[C[C[C[C[C[C[C[C[C[C[C[C[C[C[C[C[C[C[C[C[C[C[C[C[C[C[C[C[C[C[C[C[C[C[C[C[C[C[C[C[C[C[C[C[C[C[C[C[C[C[C[C[C[C[C[C[C[C na branc[1Ph2"[A]0;tiago@TiagoMaia: ~/git-workshop[01;32mtiago@TiagoMaia[00m:[01;34m~/git-workshop[00m$ [C[C[C[C[C[C[C[C[C[C[C[C[C[C[C[C[C[C[C[C[C na branch[1P2"[A]0;tiago@TiagoMaia: ~/git-workshop[01;32mtiago@TiagoMaia[00m:[01;34m~/git-workshop[00m$ [C[C[C[C[C[C[C[C[C[C[C[C[C[C[C[C[C[C[C[C na branch2[1P"[A]0;tiago@TiagoMaia: ~/git-workshop[01;32mtiago@TiagoMaia[00m:[01;34m~/git-workshop[00m$ [C[C[C[C[C[C[C[C[C[C[C[C[C[C[C[C[C[C[C na branch2"[K[A]0;tiago@TiagoMaia: ~/git-workshop[01;32mtiago@TiagoMaia[00m:[01;34m~/git-workshop[00m$ [C[C[C[C[C[C[C[C[C[C[C[C[C[C[C[C[C[C na branch2" [K[A[C[C[C[C[C[C[C[C[C[C[C[C[C[C[C[C[C[C[C[C[C[C[C[C[C[C[C[C[C[C[C[C[C[C[C[C[C[C[C[C[C[C[C[C[C[C[C[C[Ca na branch2"[A]0;tiago@TiagoMaia: ~/git-workshop[01;32mtiago@TiagoMaia[00m:[01;34m~/git-workshop[00m$ [C[C[C[C[C[C[C[C[C[C[C[C[C[C[C[C[C[C na branch2" [K[A[C[C[C[C[C[C[C[C[C[C[C[C[C[C[C[C[C[C[C[C[C[C[C[C[C[C[C[C[C[C[C[C[C[C[C[C[C[C[C[C[C[C[C[C[C[C[C[C[C[1P
[K[A[C[C[C[C[C[C[C[C[C[C[C[C[C[C[C[C[C[C[C[C[C[C[C[C[C[C[C[C[C[C[C[C[C[C[C[C[C[C[C[C[C[C[C[C[C[C[C[Ca na branch2" [A]0;tiago@TiagoMaia: ~/git-workshop[01;32mtiago@TiagoMaia[00m:[01;34m~/git-workshop[00m$ [C[C[C[C[C[C[C[C[C[C[C[C[C[C[C[C[Cd na branch2"[A]0;tiago@TiagoMaia: ~/git-workshop[01;32mtiago@TiagoMaia[00m:[01;34m~/git-workshop[00m$ [C[C[C[C[C[C[C[C[C[C[C[C[C[C[C[C[C[Ci na branch2"[A]0;tiago@TiagoMaia: ~/git-workshop[01;32mtiago@TiagoMaia[00m:[01;34m~/git-workshop[00m$ [C[C[C[C[C[C[C[C[C[C[C[C[C[C[C[C[C[C[Cc na branch2"[A]0;tiago@TiagoMaia: ~/git-workshop[01;32mtiago@TiagoMaia[00m:[01;34m~/git-workshop[00m$ [C[C[C[C[C[C[C[C[C[C[C[C[C[C[C[C[C[C[C[Ci na branch2"[A]0;tiago@TiagoMaia: ~/git-workshop[01;32mtiago@TiagoMaia[00m:[01;34m~/git-workshop[00m$ [C[C[C[C[C[C[C[C[C[C[C[C[C[C[C[C[C[C[C[C[Co na branch2"[A]0;tiago@TiagoMaia: ~/git-workshop[01;32mtiago@TiagoMaia[00m:[01;34m~/git-workshop[00m$ [C[C[C[C[C[C[C[C[C[C[C[C[C[C[C[C[C[C[C[C[C[Cn na branch2"[A]0;tiago@TiagoMaia: ~/git-workshop[01;32mtiago@TiagoMaia[00m:[01;34m~/git-workshop[00m$ [C[C[C[C[C[C[C[C[C[C[C[C[C[C[C[C[C[C[C[C[C[C[Ce na branch2"[A]0;tiago@TiagoMaia: ~/git-workshop[01;32mtiago@TiagoMaia[00m:[01;34m~/git-workshop[00m$ [C[C[C[C[C[C[C[C[C[C[C[C[C[C[C[C[C[C[C[C[C[C[C[Ci na branch2"[A]0;tiago@TiagoMaia: ~/git-workshop[01;32mtiago@TiagoMaia[00m:[01;34m~/git-workshop[00m$ [C[C[C[C[C[C[C[C[C[C[C[C[C[C[C[C[C[C[C[C[C[C[C[C[C[C na branch2"[A]0;tiago@TiagoMaia: ~/git-workshop[01;32mtiago@TiagoMaia[00m:[01;34m~/git-workshop[00m$ [C[C[C[C[C[C[C[C[C[C[C[C[C[C[C[C[C[C[C[C[C[C[C[C[C[Cl na branch2"[A]0;tiago@TiagoMaia: ~/git-workshop[01;32mtiago@TiagoMaia[00m:[01;34m~/git-workshop[00m$ [C[C[C[C[C[C[C[C[C[C[C[C[C[C[C[C[C[C[C[C[C[C[C[C[C[C[Ci na branch2"[A]0;tiago@TiagoMaia: ~/git-workshop[01;32mtiago@TiagoMaia[00m:[01;34m~/git-workshop[00m$ [C[C[C[C[C[C[C[C[C[C[C[C[C[C[C[C[C[C[C[C[C[C[C[C[C[C[C[Cn [1@n[1@h[1@a[C[1@ [1@2
[?2004l[branch2 0699396] adicionei linha 2 na branch2
 1 file changed, 2 insertions(+)
[?2004h]0;tiago@TiagoMaia: ~/git-workshop[01;32mtiago@TiagoMaia[00m:[01;34m~/git-workshop[00m$ cheg[Kckout branch 3[K[K3
[?2004lcheckout: command not found
[?2004h]0;tiago@TiagoMaia: ~/git-workshop[01;32mtiago@TiagoMaia[00m:[01;34m~/git-workshop[00m$ git checkout branch3
[?2004lSwitched to branch 'branch3'
[?2004h]0;tiago@TiagoMaia: ~/git-workshop[01;32mtiago@TiagoMaia[00m:[01;34m~/git-workshop[00m$ git commit -am "adicionei a l inha [K[K[K[K[K[A[C[C[C[C[C[C[C[C[C[C[C[C[C[C[C[C[C[C[C[C[C[C[C[C[C[C[C[C[C[C[C[C[C[C[C[C[C[C[C[C[C[C[C[C[C[C[C[C[C[C[C[C[C[C[C[C[C[C[C[C[K
[K[A[C[C[C[C[C[C[C[C[C[C[C[C[C[C[C[C[C[C[C[C[C[C[C[C[C[C[C[C[C[C[C[C[C[C[C[C[C[C[C[C[C[C[C[C[C[C[C[C[C[C[C[C[C[C[C[C[C[C[C[C[K l inha2[K 2 na branch3"
[?2004lOn branch branch3
nothing to commit, working tree clean
[?2004h]0;tiago@TiagoMaia: ~/git-workshop[01;32mtiago@TiagoMaia[00m:[01;34m~/git-workshop[00m$ [7mecho "linha 2 na branch3" >> [27m[7ma[27m[7mrquivo.txt[27m[A]0;tiago@TiagoMaia: ~/git-workshop[01;32mtiago@TiagoMaia[00m:[01;34m~/git-workshop[00m$ echo "linha 2 na branch3" >> arquivo.txt
[?2004l[?2004h]0;tiago@TiagoMaia: ~/git-workshop[01;32mtiago@TiagoMaia[00m:[01;34m~/git-workshop[00m$ [7mgit commit -am "Commit na bra[27m[7mn[27m[7mch3"[27m[A]0;tiago@TiagoMaia: ~/git-workshop[01;32mtiago@TiagoMaia[00m:[01;34m~/git-workshop[00m$ git commit -am "Commit na branch3"
[?2004l[branch3 48c727d] Commit na branch3
 1 file changed, 1 insertion(+)
[?2004h]0;tiago@TiagoMaia: ~/git-workshop[01;32mtiago@TiagoMaia[00m:[01;34m~/git-workshop[00m$ [7mgit checkout main[27mgit checkout main
[?2004lSwitched to branch 'main'
[?2004h]0;tiago@TiagoMaia: ~/git-workshop[01;32mtiago@TiagoMaia[00m:[01;34m~/git-workshop[00m$ [7mgit merge branch1[27mgit merge branch1
[?2004lUpdating a97f6ea..afb88b0
Fast-forward
 arquivo.txt | 4 [32m+++[m[31m-[m
 1 file changed, 3 insertions(+), 1 deletion(-)
[?2004h]0;tiago@TiagoMaia: ~/git-workshop[01;32mtiago@TiagoMaia[00m:[01;34m~/git-workshop[00m$ [7mgit merge branch2[27mgit merge branch2
[?2004lAuto-merging arquivo.txt
CONFLICT (content): Merge conflict in arquivo.txt
Automatic merge failed; fix conflicts and then commit the result.
[?2004h]0;tiago@TiagoMaia: ~/git-workshop[01;32mtiago@TiagoMaia[00m:[01;34m~/git-workshop[00m$ [7mgit status[27mgit status
[?2004lOn branch main
You have unmerged paths.
  (fix conflicts and run "git commit")
  (use "git merge --abort" to abort the merge)

Unmerged paths:
  (use "git add <file>..." to mark resolution)
	[31mboth modified:   arquivo.txt[m

no changes added to commit (use "git add" and/or "git commit -a")
[?2004h]0;tiago@TiagoMaia: ~/git-workshop[01;32mtiago@TiagoMaia[00m:[01;34m~/git-workshop[00m$ [7mgit merge branch3[27mgit merge branch3
[?2004lerror: Merging is not possible because you have unmerged files.
[33mhint: Fix them up in the work tree, and then use 'git add/rm <file>'[m
[33mhint: as appropriate to mark resolution and make a commit.[m
fatal: Exiting because of an unresolved conflict.
[?2004h]0;tiago@TiagoMaia: ~/git-workshop[01;32mtiago@TiagoMaia[00m:[01;34m~/git-workshop[00m$ git status
[?2004lOn branch main
nothing to commit, working tree clean
[?2004h]0;tiago@TiagoMaia: ~/git-workshop[01;32mtiago@TiagoMaia[00m:[01;34m~/git-workshop[00m$ git statusmerge branch3[7Pstatusmerge branch3[7Pstatus[Kgit statusmerge branch3
[?2004lAuto-merging arquivo.txt
CONFLICT (content): Merge conflict in arquivo.txt
Automatic merge failed; fix conflicts and then commit the result.
[?2004h]0;tiago@TiagoMaia: ~/git-workshop[01;32mtiago@TiagoMaia[00m:[01;34m~/git-workshop[00m$ git merge branch3[7Pstatusmerge branch3[7Pstatusmerge branch2[7Pstatusmerge branch3[7Pstatusmerge branch3[K[7mgit add arquivo.txt[27mgit add arquivo.txt
[?2004l[?2004h]0;tiago@TiagoMaia: ~/git-workshop[01;32mtiago@TiagoMaia[00m:[01;34m~/git-workshop[00m$ [7mgit commit -m "Resolvido conf[27m[7ml[27m[7mito"[27m[A]0;tiago@TiagoMaia: ~/git-workshop[01;32mtiago@TiagoMaia[00m:[01;34m~/git-workshop[00m$ git commit -m "Resolvido conflito"
[?2004lOn branch main
nothing to commit, working tree clean
[?2004h]0;tiago@TiagoMaia: ~/git-workshop[01;32mtiago@TiagoMaia[00m:[01;34m~/git-workshop[00m$ echo ""e"d"i"t"e"i" "p"e"l"o" "v"s"c"o"d"e"," "p"e" [A]0;tiago@TiagoMaia: ~/git-workshop[01;32mtiago@TiagoMaia[00m:[01;34m~/git-workshop[00m$ [C[C[C[C[C[C[C[C[C[C[C[C[C[C[C[C[C[C[C[C[C[C[C[C[C[C[C[Cr"d"i"a"[1P"[1P"[1P"d"o"a"[C >> arquivo.txt
[?2004l[?2004h]0;tiago@TiagoMaia: ~/git-workshop[01;32mtiago@TiagoMaia[00m:[01;34m~/git-workshop[00m$ echo "editei pelo vscode, perdoa" >> arquivo.txt[A]0;tiago@TiagoMaia: ~/git-workshop[01;32mtiago@TiagoMaia[00m:[01;34m~/git-workshop[00m$ git commit -m "Resolvido conflito"[K[A]0;tiago@TiagoMaia: ~/git-workshop[01;32mtiago@TiagoMaia[00m:[01;34m~/git-workshop[00m$ [C[C[C[C[10Padd arquivo.txt
[K[A[C[C[C[C[C[C[C[C[C[C[C[C[C[C[C[C[C[C[C[C[C[C[C[C[C[C[C[C[C[C[C[C[C[C[C[C[C[C[C[C[C[C[C[C[C[C[C[C[C[C[C
[?2004l[?2004h]0;tiago@TiagoMaia: ~/git-workshop[01;32mtiago@TiagoMaia[00m:[01;34m~/git-workshop[00m$ git add arquivo.txtecho "editei pelo vscode, perdoa" >> arquivo.txt[A]0;tiago@TiagoMaia: ~/git-workshop[01;32mtiago@TiagoMaia[00m:[01;34m~/git-workshop[00m$ git commit -m "Resolvido conflito"[K
[?2004l[main ec73f14] Resolvido conflito
 1 file changed, 1 insertion(+)
[?2004h]0;tiago@TiagoMaia: ~/git-workshop[01;32mtiago@TiagoMaia[00m:[01;34m~/git-workshop[00m$ [7mgit branch[27mgit branch
[?2004l[?1h=  branch1[m[m
  branch2[m[m
  branch3[m[m
  feature-a[m[m
  feature-b[m[m
* [32mmain[m[m
  prod[m[m
  test[m[m
[K[?1l>[?2004h]0;tiago@TiagoMaia: ~/git-workshop[01;32mtiago@TiagoMaia[00m:[01;34m~/git-workshop[00m$ [7mgit merge branch3[27mgit merge branch3
[?2004lAlready up to date.
[?2004h]0;tiago@TiagoMaia: ~/git-workshop[01;32mtiago@TiagoMaia[00m:[01;34m~/git-workshop[00m$ git merge branch3[7Pbranchcommit -m "Resolvido conflito"[A]0;tiago@TiagoMaia: ~/git-workshop[01;32mtiago@TiagoMaia[00m:[01;34m~/git-workshop[00m$ [C[C[C[C[10Padd arquivo.txt
[K[A[C[C[C[C[C[C[C[C[C[C[C[C[C[C[C[C[C[C[C[C[C[C[C[C[C[C[C[C[C[C[C[C[C[C[C[C[C[C[C[C[C[C[C[C[C[C[C[C[C[C[Cecho "editei pelo vscode, perdoa" >> arquivo.txt[A]0;tiago@TiagoMaia: ~/git-workshop[01;32mtiago@TiagoMaia[00m:[01;34m~/git-workshop[00m$ git commit -m "Resolvido conflito"[K[A]0;tiago@TiagoMaia: ~/git-workshop[01;32mtiago@TiagoMaia[00m:[01;34m~/git-workshop[00m$ [C[C[C[C[10Padd arquivo.txt
[K[A[C[C[C[C[C[C[C[C[C[C[C[C[C[C[C[C[C[C[C[C[C[C[C[C[C[C[C[C[C[C[C[C[C[C[C[C[C[C[C[C[C[C[C[C[C[C[C[C[C[C[C[2Pmerge branch3[7Pstatusmerge branch3
[?2004lAlready up to date.
[?2004h]0;tiago@TiagoMaia: ~/git-workshop[01;32mtiago@TiagoMaia[00m:[01;34m~/git-workshop[00m$ [7mgit status[27mgit status
[?2004lOn branch main
nothing to commit, working tree clean
[?2004h]0;tiago@TiagoMaia: ~/git-workshop[01;32mtiago@TiagoMaia[00m:[01;34m~/git-workshop[00m$ [7mgit log --oneline --all[27mgit log --oneline --all
[?2004l[?1h=[33mec73f14[m[33m ([m[1;36mHEAD[m[33m -> [m[1;32mmain[m[33m)[m Resolvido conflito[m
[33mfc44b8b[m Merge branch 'branch3'[m
[33m2de9f0b[m Merge branch 'branch2'[m
[33m48c727d[m[33m ([m[1;32mbranch3[m[33m)[m Commit na branch3[m
[33m0699396[m[33m ([m[1;32mbranch2[m[33m)[m adicionei linha 2 na branch2[m
[33mafb88b0[m[33m ([m[1;32mbranch1[m[33m)[m adicionei linha 2 no arquivo[m
[33ma97f6ea[m adicionei linha 1 no arquivo.txt[m
[33m1d28fbd[m Merge branch 'feature-b'[m
[33m6e57cba[m[33m ([m[1;32mfeature-b[m[33m)[m Feature B[m
[33me6596fb[m[33m ([m[1;32mfeature-a[m[33m)[m Feature A[m
[33ma953bab[m v3 main[m
[33m8450795[m[33m ([m[1;32mtest[m[33m, [m[1;32mprod[m[33m)[m v2 main[m
[33mbd0dcec[m alterei o arquivo.txt[m
[33m6f2170d[m commit 2[m
[33m119fa22[m commit 1[m
[33mff7f074[m v4[m
[33m746e8f6[m v3[m
[33md8e8e5f[m v2[m
[33m042930c[m v1[m
[33m430ba99[m v1[m
[33ma993240[m Corrige v2 revertido[m
[33mea10083[m v2[m
[33m7f297ab[m v1[m
[K[?1l>[?2004h]0;tiago@TiagoMaia: ~/git-workshop[01;32mtiago@TiagoMaia[00m:[01;34m~/git-workshop[00m$ [7mexit[27mexit
[?2004lexit

Script done on 2025-08-01 21:43:16-03:00 [COMMAND_EXIT_CODE="0"]
